Modules list:
-------------
main.o:
    CODE              Offs=000000  Size=000D82  Align=00001  Fill=0000
    ZEROPAGE          Offs=000000  Size=000010  Align=00001  Fill=0000
    VARS              Offs=000000  Size=000165  Align=00001  Fill=0000
    LCODE             Offs=000000  Size=000115  Align=00001  Fill=0000
/opt/homebrew/Cellar/cc65/2.19/share/cc65/lib/cx16.lib(exehdr.o):
    EXEHDR            Offs=000000  Size=00000C  Align=00001  Fill=0000
/opt/homebrew/Cellar/cc65/2.19/share/cc65/lib/cx16.lib(loadaddr.o):
    LOADADDR          Offs=000000  Size=000002  Align=00001  Fill=0000


Segment list:
-------------
Name                   Start     End    Size  Align
----------------------------------------------------
ZEROPAGE              000022  000031  000010  00001
VARS                  000400  000564  000165  00001
LOADADDR              0007FF  000800  000002  00001
EXEHDR                000801  00080C  00000C  00001
LCODE                 00080D  000921  000115  00001
CODE                  009000  009D81  000D82  00001


Exports list by name:
---------------------
__EXEHDR__                000001 REA    __HIMEM__                 009000 REA    
__LOADADDR__              000001 REA    


Exports list by value:
----------------------
__LOADADDR__              000001 REA    __EXEHDR__                000001 REA    
__HIMEM__                 009000 REA    


Imports list:
-------------
__EXEHDR__ (exehdr.o):
    [linker generated]       
__HIMEM__ ([linker generated]):
    [linker generated]        cx16-asm.cfg(11)
__LOADADDR__ (loadaddr.o):
    [linker generated]        cx16-asm.cfg(5)

